ok - busy-guard defers injection when supervisor pane is busy
ok - marker detection: marker -> stay afk, no marker -> exit afk
ok - /afk invocation is exempt from afk exit (no self-cancel)
ok - should_exit_afk returns false when afk is not active
ok - strip_injection_marker removes the sentinel marker cleanly
ok - pane_input_pending detects partial input on the cursor line
ok - pane_input_pending: a blank unidentified cursor row defers (strict container-proof rule)
ok - pane_input_pending: only proven empty agent prompts pass
ok - fm_tmux_composer_state: a bare shell prompt ($/%/#/>) reads unknown, never empty (dead-shell injection safety)
ok - fm_tmux_composer_state: a bordered composer box and bare agent glyphs (❯/›) still read empty
ok - fm_tmux_composer_state: only matching edge borders form a composer box
ok - pane_input_pending preserves bright placeholder-like drafts in styled captures
ok - classify_signal dedupes against the catch-all scan seen marker
ok - turn-end markers stay routine while mixed actionable status batches escalate
ok - an actionable event is escalated to an away captain despite later routine appends
ok - the daemon commits exactly the endpoint captured by classification
ok - a stale wake escalates a blocker hidden by later progress
ok - a stale span read failure surfaces without advancing its marker
ok - a recreated status rejects the old captured identity
ok - an unverifiable status identity surfaces without advancing markers
ok - a status read failure surfaces without advancing the daemon suppressor
ok - catch-all routine scans advance before later actionable appends
ok - failed escalation writes retain durable wakes and classification positions
ok - catch-all markers advance only after escalation buffering succeeds
ok - classification failure retains the complete durable wake batch
ok - missing-status stale wakes remain ordinary and acknowledgeable
ok - transient unreadable signals recover without advancing their position
ok - daemon catch-all reclassifies permission-recovered status content
ok - a permanent classification failure is reported, acknowledged, and never advances its position
ok - the away-mode catch-all scan surfaces a masked event once
ok - classify_stale dedupes against the signal path seen marker
ok - AFK nonterminal working:+merged keeps wedge aging and re-escalates at bound
ok - AFK stale persistence is deferred while the worker is idle on its own background job
ok - genuine done: and merge-check events still escalate
ok - pane_input_pending: an idle bordered composer is NOT pending (afk-invx-i5)
ok - pane_input_pending: text inside a bordered composer is still pending
ok - submit-ACK confirms a submit when the composer returns to a bordered-empty box
ok - submit-ACK reports pending on a persistently swallowed Enter (type-once)
ok - max-defer on an empty stuck pane types once, alarms, and preserves the buffer
ok - max-defer flushes and clears the buffer on an empty bordered pane
ok - max-defer on a pending composer alarms without typing
ok - normal flush clears a stale wedge marker
ok - below MAX_DEFER: no inject, no alarm, buffer preserved
ok - max-defer does not flush or alarm while afk is inactive
ok - library mode: sourcing the daemon defaults FM_WEDGE_ALARM_EXEC to discard (no test can fire a real notification)
ok - wake helpers replace inherited notifier overrides with the safe recorder
ok - the discard seam suppresses every notifier, including command: (fires nothing)
ok - direct notifier helpers honor the discard seam, including command:
ok - osascript channel routes through the notifier seam with the summary (never a real notification)
ok - herdr channel routes through the notifier seam with the summary (never a real notification)
ok - command channel runs the captain command with the summary on $1 and on stdin
ok - command channel failures redact configured commands while logging their exit status
ok - unknown channel directives are redacted while the alarm keeps running
ok - off disables every active alert regardless of directive position (marker and tmux flash are unaffected)
ok - auto resolves to the macOS osascript notifier on Darwin (default-on)
ok - auto on a non-macOS platform selects no built-in OS channel (the marker or a configured command carries it)
ok - config/wedge-alarm selects every configured channel and skips comment and blank lines
ok - a failing channel logs and falls back to the next channel, never crashing the alarm
ok - a hung notifier is bounded, logged, and falls through to the next channel
ok - a backgrounded command notifier remains bounded until its process group is reaped
ok - a hung notifier override is bounded, logged, and proceeds to the next channel
[1]+  Terminated              sh -c 'sleep 30 & printf "%s" "$!" > "$1"; wait' sh "$child_file"
ok - daemon shutdown stops and reaps the active notifier process group
ok - inject_wedge_alarm writes the marker AND emits the active alert even with no tmux status-line (herdr backend)
ok - in-process wedge throttle prevents alert spam when the marker cannot persist
ok - fm-send returns 3 with a non-error no-resend warning when confirmation stays pending
ok - fm-send exits non-zero when initial text send fails
ok - fm-send exits non-zero unless delivery is proven empty
ok - discover_supervisor_backend: override > TMUX_PANE > HERDR_ENV+HERDR_PANE_ID > tmux fallback
ok - discover_supervisor_target: override > TMUX_PANE > herdr '<session>:<pane-id>' composition > firstmate:0 fallback
ok - pane_is_busy: herdr native busy_state='busy' short-circuits without a capture fallback
ok - primary busy guard isolates rendered signatures by detected harness
ok - pane_is_busy: omitted backend defaults to tmux for Grok's isolated fallback
ok - pane_input_pending: dispatches through fm_backend_composer_state for backend=herdr
ok - inject_msg: herdr busy-guard defers before ever attempting a submit
ok - inject_msg: herdr composer-guard defers before ever attempting a submit
ok - inject_msg: herdr pane-gone check defers before any busy/composer/submit call
ok - inject_msg: dispatches busy-guard/composer-guard/submit through the herdr backend and succeeds on a confirmed empty composer
ok - inject_msg: defers on a dead-shell/unreadable composer (unknown), never typing the escalation into a shell
ok - inject_msg: unrecognized composer states defer by default
