ok - a secondmate's own home supervision churn is not crew write evidence, so a pane recording that home keeps the unchanged escalation schedule
ok - an idle-window timer repair drops a finished write-deferral chain, so the next deferral gets a fresh re-surface window
ok - both first-sight paths through a captain-relevant status drop a finished write-deferral chain with the idle window
ok - triage log capping handles wc byte counts with leading spaces
ok - a captured process-event result wakes a healthy watcher proactively, with no manual drain
ok - an unacknowledged process-event result re-drains until handling is acknowledged
ok - complete process-event queue keys map to distinct seen markers
ok - process-event queue keys surface under their own headlines
ok - every launch-failure episode is delivered under the failed-to-start headline
WAKE_ACK_REQUIRED: after handling completes run bin/fm-wake-drain.sh --ack-through 1 --recovery-generation 852941.1790342316.ZINYov
ok - queue revalidation, proactive output, and marker commit serialize with drain
/home/thibyann001/.no-mistakes/worktrees/04c39aeaee8f/01M3CAWJN6YYRFM6J385BR3ZMW/bin/fm-push-transition-lib.sh: line 96: echo: write error: Broken pipe
tests/wake-helpers.sh: line 338: 854903 Killed                  PATH="$dir/fakebin:$PATH" FM_HOME="$dir" FM_PROCEVENT_CLAIM_ROOT="$dir/claims" FM_CREW_STATE_BIN="$dir/fakebin/fm-crew-state.sh" FM_POLL=0.2 FM_SIGNAL_GRACE=1 FM_CHECK_INTERVAL=999999 FM_HEARTBEAT=999999 "$WATCH" > "$out"
tests/wake-helpers.sh: line 338: 856725 Killed                  PATH="$dir/fakebin:$PATH" FM_HOME="$dir" FM_PROCEVENT_CLAIM_ROOT="$dir/claims" FM_CREW_STATE_BIN="$dir/fakebin/fm-crew-state.sh" FM_POLL=0.2 FM_SIGNAL_GRACE=1 FM_CHECK_INTERVAL=999999 FM_HEARTBEAT=999999 "$WATCH" > "$out"
ok - surfacing failures replay until post-handling acknowledgement
ok - marker failure exits through the shared wake owner, releases its lock, and replays later
ok - a heartbeat with no captain-relevant change is absorbed and backs off the cadence
ok - heartbeat backstop fail-safe surfaces a captain-relevant status the per-wake path missed
ok - the heartbeat backstop surfaces a captain event hidden behind a later routine append
ok - the liveness beacon stays fresh while the watcher absorbs benign wakes (fm-guard never false-alarms)
ok - an afk signal records its captured heartbeat endpoint
ok - with .afk present the watcher reverts to one-shot so the daemon owns triage (no double-triage)
ok - AFK changed paused panes hand off plain stale identities for daemon-owned pause triage
ok - the parked-footer reader recognises the state and its reset time, and only in the footer band
ok - a worker parked by its own usage limit is absorbed until its reset, never wedge-escalated
ok - a worker whose usage limit has reset is resumed automatically
ok - a parked pane that counts down is recognised without ever holding one hash
ok - a resume that could not be verified is reported once, not on every poll
ok - a genuinely wedged worker still escalates and is never auto-resumed
ok - a due resume sends a real message and clears the park once the pane confirms it landed
ok - a worker that is visibly working again counts as resumed even before its banner scrolls away
ok - a resume attempted before the reset sends nothing and spends no attempt
ok - an unverified resume is reported, counted, and bounded by its attempt budget
ok - a captain-held item is never rechecked while the away-posture record exists, and the recheck returns once the record is archived
ok - a live captain-held pane is absorbed on first sight while the away-posture record exists
ok - a delivery the captain already holds is never rechecked while the away-posture record exists
ok - the daemon-owned one-shot never hands off a captain-held pane while the away-posture record exists
ok - a declared wait naming a near-future until time stays quiet until that time
ok - a wrong-year declared time cannot silence the watcher beyond the recheck cadence
ok - a declared wait whose until time has passed is rechecked at once, then held to the cadence
